// Jest Snapshot v1, https://goo.gl/fbAQLP

exports[`GetInTouch should be rendered GetInTouch renders correctly 1`] = `
<div>
  <div
    class="Home"
  >
    <header
      class="pageHeader"
    >
      <div
        class="container"
      >
        <a
          class="link"
          href="/"
        >
          <img />
        </a>
        <nav
          class="primaryNav"
        >
          <a
            class=" navLink"
            href="#"
          >
            Home
          </a>
          <a
            class=" navLink"
            href="#"
          >
            About me
          </a>
          <a
            class=" navLink"
            href="#"
          >
            Blog
          </a>
          <a
            class="navLinkActive navLink"
            href="#"
          >
            Get in touch
          </a>
        </nav>
      </div>
    </header>
    <section
      class="tile"
    >
      <h2
        class="heading"
      >
        Let's talk
      </h2>
    </section>
    <div
      class="content"
    >
      <p
        class="paragraph"
      >
        Nam porttitor blandit accumsan. Ut vel dictum sem, a pretium dui. In malesuada enim in dolor euismod, id commodo mi consectetur. Curabitur at vestibulum nisi. Nullam vehicula nisi velit. Mauris turpis nisl, molestie ut ipsum et, suscipit vehicula odio.
      </p>
      <figure
        class="figure"
      >
        <img
          alt="figure"
          src="https://via.placeholder.com/290x125"
        />
      </figure>
      <div
        class="shareSection"
      >
        <h4
          class=""
        >
          Follow me
        </h4>
      </div>
    </div>
    <form
      action="https://app.getresponse.com/add_subscriber.html"
      class="newsletter"
      id="newsletter"
      method="post"
    >
      <div
        class="newsletterContent"
      >
        <h3
          class="title"
        >
          Subscribe to the newsletter
        </h3>
        <p
          class="paraghaph"
        >
          I will send you unique content every Friday.
        </p>
        <div
          class="fieldset"
        >
          <div
            class="field"
          >
            <input
              class="input null"
              data-testid="input"
              name="first_name"
              placeholder="Your name"
              type="text"
              value=""
            />
          </div>
          <div
            class="field"
          >
            <input
              class="input null"
              data-testid="input"
              name="email"
              placeholder="Your email"
              type="email"
              value=""
            />
          </div>
        </div>
        <input
          name="campaign_token"
          type="hidden"
          value="WMdq9"
        />
        <input
          name="thankyou_url"
          type="hidden"
          value="https://marcin-kwiatkowski.com/thank-you"
        />
        <input
          name="start_day"
          type="hidden"
          value="0"
        />
        <footer
          class="footer"
        >
          <p>
            Also i will send you send you PDF with 112 pages about PWA Studio Rich Content renderers
          </p>
          <button
            class="primary"
            type="submit"
          >
            Subscribe
          </button>
        </footer>
      </div>
    </form>
    <footer
      class="pageFooter"
    >
      <div
        class="columns"
      >
        <div
          class="footerColumn"
        >
          <button
            class="header"
            type="button"
          >
            <h5
              class="heading"
            >
              Column 1
            </h5>
            <span
              class="expandButton"
            >
              <span>
                svg
              </span>
            </span>
          </button>
        </div>
        <div
          class="footerColumn"
        >
          <button
            class="header"
            type="button"
          >
            <h5
              class="heading"
            >
              Column 2
            </h5>
            <span
              class="expandButton"
            >
              <span>
                svg
              </span>
            </span>
          </button>
        </div>
        <div
          class="footerColumn"
        >
          <button
            class="header"
            type="button"
          >
            <h5
              class="heading"
            >
              Column 3
            </h5>
            <span
              class="expandButton"
            >
              <span>
                svg
              </span>
            </span>
          </button>
        </div>
        <div
          class="footerColumn"
        >
          <button
            class="header"
            type="button"
          >
            <h5
              class="heading"
            >
              Column 4
            </h5>
            <span
              class="expandButton"
            >
              <span>
                svg
              </span>
            </span>
          </button>
        </div>
      </div>
      <div>
        <ul
          class="bottomNav"
        >
          <li>
            <a
              href="#"
            >
              Link 1
            </a>
          </li>
          <li>
            <a
              href="#"
            >
              Link 2
            </a>
          </li>
          <li>
            <a
              href="#"
            >
              Link 3
            </a>
          </li>
        </ul>
        <p
          class="copyright"
        >
          Â© 2021 Lorem ipsum
        </p>
      </div>
    </footer>
    <nav
      class="mobileNav"
    >
      <a
        href="/"
      >
        <span
          class="iconContainer"
        >
          <img
            alt="Home"
            src="[object Object]"
          />
          <span
            class="label"
          >
            Home
          </span>
        </span>
      </a>
      <a
        href="/blog"
      >
        <span
          class="iconContainer"
        >
          <img
            alt="Blog"
            src="[object Object]"
          />
          <span
            class="label"
          >
            Blog
          </span>
        </span>
      </a>
      <a
        href="/about-me"
      >
        <span
          class="iconContainer"
        >
          <img
            alt="About"
            src="[object Object]"
          />
          <span
            class="label"
          >
            About
          </span>
        </span>
      </a>
      <a
        href="/get-in-touch"
      >
        <span
          class="iconContainer"
        >
          <img
            alt="Contact"
            src="[object Object]"
          />
          <span
            class="label"
          >
            Contact
          </span>
        </span>
      </a>
      <a
        href="#newsletter"
      >
        <span
          class="iconContainer"
        >
          <img
            alt="Subscribe"
            src="[object Object]"
          />
          <span
            class="label"
          >
            Subscribe
          </span>
        </span>
      </a>
    </nav>
  </div>
</div>
`;
