// Jest Snapshot v1, https://goo.gl/fbAQLP

exports[`Blog post should be rendered Blog post renders correctly 1`] = `
<div>
  <header
    class="pageHeader"
  >
    <div
      class="container"
    >
      <a
        class="link"
        href="/"
      >
        <img />
      </a>
      <nav
        class="primaryNav"
      >
        <a
          class="navLinkActive navLink"
          href="#"
        >
          Home
        </a>
        <a
          class=" navLink"
          href="#"
        >
          About me
        </a>
        <a
          class=" navLink"
          href="#"
        >
          Blog
        </a>
        <a
          class=" navLink"
          href="#"
        >
          Get in touch
        </a>
      </nav>
    </div>
  </header>
  <div
    class="postHeader"
  >
    <h1
      class=""
    >
      Heading level 1
    </h1>
    <div
      class="postMetadata"
    >
      John
       / 
      November 27, 2020
    </div>
    <nav
      class="breadcrumbs"
      items="[object Object],[object Object],[object Object]"
    >
      <div
        class="container"
      >
        <a
          class="breadcrumbsItem"
          href="#"
        >
          <span
            class="label"
          >
            Home
          </span>
        </a>
        <a
          class="breadcrumbsItem"
          href="#"
        >
          <span
            class="label"
          >
            Blog
          </span>
        </a>
        <span
          class="activeItem"
        >
          PWA Studio
        </span>
      </div>
    </nav>
  </div>
  <figure
    class="postHeroImage"
  >
    <img
      alt="Heading level 1"
      src="https://via.placeholder.com/320x180"
    />
  </figure>
  <div
    class="content"
  >
    <p>
      Nam porttitor blandit accumsan. Ut vel dictum sem, a pretium dui. In malesuada enim in dolor euismod, id commodo mi consectetur. Curabitur at vestibulum nisi. Nullam vehicula nisi velit. Mauris turpis nisl, molestie ut ipsum et, suscipit vehicula odio. Vestibulum interdum vestibulum felis ac molestie.
    </p>
    <h2>
      Heading Level 2
    </h2>
    <p>
      Nam porttitor blandit accumsan. Ut vel dictum sem, a pretium dui. In malesuada enim in dolor euismod, id commodo mi consectetur. Curabitur at vestibulum nisi. Nullam vehicula nisi velit. Mauris turpis nisl, molestie ut ipsum et, suscipit vehicula odio. Vestibulum interdum vestibulum felis ac molestie.
    </p>
    <h3>
      Heading Level 3
    </h3>
    <figure>
      <img
        alt="figure"
        src="https://via.placeholder.com/320x180"
      />
    </figure>
    <h4>
      Heading level 4
    </h4>
    <p
      class="paragraphSmaller"
    >
      Nam porttitor blandit accumsan. Ut vel dictum sem, a pretium dui. In malesuada enim in dolor euismod, id commodo mi consectetur. Curabitur at vestibulum nisi. Nullam vehicula nisi velit. Mauris turpis nisl, molestie ut ipsum et, suscipit vehicula odio. Vestibulum interdum vestibulum felis ac molestie.
    </p>
    <figure
      class="figure"
    >
      <div
        class="inner"
      >
        <blockquote
          class="quote"
        >
          <span>
            svg
          </span>
          <p
            class="paraghaph"
            style="text-align: center;"
          >
            Lorem ipsum dolor sit amet, consectetur adipiscing elit. Proin tempus ullamcorper ante,  eu mattis est auctor id. Nunc libero nisl, efficitur at aliquet vel, venenatis eget felis. Suspendisse at diam nec  risus scelerisque tempus. Mauris id eros diam. Mauris ac risus id libero laoreet eleifend in ac elit.
          </p>
        </blockquote>
        <figcaption
          class="caption"
        >
          Marcin Kwiatkowski
        </figcaption>
      </div>
    </figure>
    <p
      class="paragraphLarge"
    >
      Nam porttitor blandit accumsan. Ut vel dictum sem, a pretium dui. In malesuada enim in dolor euismod, id commodo mi consectetur. Curabitur at vestibulum nisi. Nullam vehicula nisi velit. Mauris turpis nisl, molestie ut ipsum et, suscipit vehicula odio. Vestibulum interdum vestibulum felis ac molestie.
    </p>
    <h5>
      Heading level 5
    </h5>
    <ol>
      <li>
        Item 1
      </li>
      <li>
        Item 2
      </li>
      <li>
        Item 3
      </li>
    </ol>
    <h6>
      Heading level 6
    </h6>
    <ul>
      <li>
        Item 1
      </li>
      <li>
        Item 2
      </li>
      <li>
        Item 3
      </li>
    </ul>
  </div>
  <div
    class="aboutTheAuthor"
  >
    <div
      class="inner"
    >
      <figure
        class="figureDesktop"
        style="background-image: url(https://via.placeholder.com/270x270);"
      />
      <article
        class="content"
      >
        <h6
          class=""
        >
          About the author
        </h6>
        <p
          class="authorName"
        >
          John
        </p>
        <figure
          class="figure"
          style="background-image: url(https://via.placeholder.com/270x270);"
        />
        <p
          class="description"
        >
          Nam porttitor blandit accumsan. Ut vel dictum sem, a pretium dui. In malesuada enim in dolor euismod, id commodo mi consectetur. Curabitur at vestibulum nisi. Nullam vehicula nisi velit. Mauris turpis nisl, molestie ut ipsum et, suscipit vehicula odio. Vestibulum interdum vestibulum felis ac molestie.
        </p>
        <a
          class="secondary"
          href="#"
        >
          Read more
        </a>
      </article>
    </div>
  </div>
  <form
    action="https://app.getresponse.com/add_subscriber.html"
    class="newsletter"
    id="newsletter"
    method="post"
  >
    <div
      class="newsletterContent"
    >
      <h3
        class="title"
      >
        Subscribe to the newsletter
      </h3>
      <p
        class="paraghaph"
      >
        I will send you unique content every Friday.
      </p>
      <div
        class="fieldset"
      >
        <div
          class="field"
        >
          <input
            class="input null"
            data-testid="input"
            name="first_name"
            placeholder="Your name"
            type="text"
            value=""
          />
        </div>
        <div
          class="field"
        >
          <input
            class="input null"
            data-testid="input"
            name="email"
            placeholder="Your email"
            type="email"
            value=""
          />
        </div>
      </div>
      <input
        name="campaign_token"
        type="hidden"
        value="WMdq9"
      />
      <input
        name="thankyou_url"
        type="hidden"
        value="https://marcin-kwiatkowski.com/thank-you"
      />
      <input
        name="start_day"
        type="hidden"
        value="0"
      />
      <footer
        class="footer"
      >
        <p>
          Also i will send you send you PDF with 112 pages about PWA Studio Rich Content renderers
        </p>
        <button
          class="primary"
          type="submit"
        >
          Subscribe
        </button>
      </footer>
    </div>
  </form>
  <div
    class="shareSection"
  >
    <h4
      class=""
    >
      Did you like it? Share!
    </h4>
  </div>
  <div
    class="relatedProducts"
  >
    <h4
      class=""
    >
      You may also like
    </h4>
    <div
      class="items"
    >
      <div
        class="tout"
      >
        <a
          href="#"
        >
          <figure
            class="figure"
          >
            <img
              alt="figure"
              layout="responsive"
              src="https://via.placeholder.com/290x240"
            />
          </figure>
          <header
            class="tape"
          >
            <h5
              class="inverse"
            >
              Lorem ipsum
            </h5>
          </header>
        </a>
      </div>
      <div
        class="tout"
      >
        <a
          href="#"
        >
          <figure
            class="figure"
          >
            <img
              alt="figure"
              layout="responsive"
              src="https://via.placeholder.com/290x240"
            />
          </figure>
          <header
            class="tape"
          >
            <h5
              class="inverse"
            >
              Lorem ipsum
            </h5>
          </header>
        </a>
      </div>
    </div>
  </div>
  <footer
    class="pageFooter"
  >
    <div
      class="columns"
    >
      <div
        class="footerColumn"
      >
        <button
          class="header"
          type="button"
        >
          <h5
            class="heading"
          >
            Column 1
          </h5>
          <span
            class="expandButton"
          >
            <span>
              svg
            </span>
          </span>
        </button>
      </div>
      <div
        class="footerColumn"
      >
        <button
          class="header"
          type="button"
        >
          <h5
            class="heading"
          >
            Column 2
          </h5>
          <span
            class="expandButton"
          >
            <span>
              svg
            </span>
          </span>
        </button>
      </div>
      <div
        class="footerColumn"
      >
        <button
          class="header"
          type="button"
        >
          <h5
            class="heading"
          >
            Column 3
          </h5>
          <span
            class="expandButton"
          >
            <span>
              svg
            </span>
          </span>
        </button>
      </div>
      <div
        class="footerColumn"
      >
        <button
          class="header"
          type="button"
        >
          <h5
            class="heading"
          >
            Column 4
          </h5>
          <span
            class="expandButton"
          >
            <span>
              svg
            </span>
          </span>
        </button>
      </div>
    </div>
    <div>
      <ul
        class="bottomNav"
      >
        <li>
          <a
            href="#"
          >
            Link 1
          </a>
        </li>
        <li>
          <a
            href="#"
          >
            Link 2
          </a>
        </li>
        <li>
          <a
            href="#"
          >
            Link 3
          </a>
        </li>
      </ul>
      <p
        class="copyright"
      >
        © 2021 Lorem ipsum
      </p>
    </div>
  </footer>
  <nav
    class="mobileNav"
  >
    <a
      href="/"
    >
      <span
        class="iconContainer"
      >
        <img
          alt="Home"
          src="[object Object]"
        />
        <span
          class="label"
        >
          Home
        </span>
      </span>
    </a>
    <a
      href="/blog"
    >
      <span
        class="iconContainer"
      >
        <img
          alt="Blog"
          src="[object Object]"
        />
        <span
          class="label"
        >
          Blog
        </span>
      </span>
    </a>
    <a
      href="/about-me"
    >
      <span
        class="iconContainer"
      >
        <img
          alt="About"
          src="[object Object]"
        />
        <span
          class="label"
        >
          About
        </span>
      </span>
    </a>
    <a
      href="/get-in-touch"
    >
      <span
        class="iconContainer"
      >
        <img
          alt="Contact"
          src="[object Object]"
        />
        <span
          class="label"
        >
          Contact
        </span>
      </span>
    </a>
    <a
      href="#newsletter"
    >
      <span
        class="iconContainer"
      >
        <img
          alt="Subscribe"
          src="[object Object]"
        />
        <span
          class="label"
        >
          Subscribe
        </span>
      </span>
    </a>
  </nav>
</div>
`;
